22:18:52 **** Incremental Build of configuration Debug for project Practica2_P1 ****
make -j4 all 
arm-none-eabi-gcc "../Core/Src/main.c" -mcpu=cortex-m4 -std=gnu11 -g3 -DDEBUG -DUSE_HAL_DRIVER -DSTM32F401xE -c -I../Core/Inc -I../Drivers/STM32F4xx_HAL_Driver/Inc -I../Drivers/STM32F4xx_HAL_Driver/Inc/Legacy -I../Drivers/CMSIS/Device/ST/STM32F4xx/Include -I../Drivers/CMSIS/Include -O0 -ffunction-sections -fdata-sections -Wall -fstack-usage -fcyclomatic-complexity -MMD -MP -MF"Core/Src/main.d" -MT"Core/Src/main.o" --specs=nano.specs -mfpu=fpv4-sp-d16 -mfloat-abi=hard -mthumb -o "Core/Src/main.o"
../Core/Src/main.c: In function 'delayRead':
../Core/Src/main.c:170:9: warning: switch condition has boolean value [-Wswitch-bool]
  170 |         switch (delay->running) {
      |         ^~~~~~
../Core/Src/main.c:192:1: warning: control reaches end of non-void function [-Wreturn-type]
  192 | }
      | ^
arm-none-eabi-gcc -o "Practica2_P1.elf" @"objects.list"   -mcpu=cortex-m4 -T"/home/godo/Documentos/GitHub/Curso_PdM_UBA/Practica2_P1/STM32F401RETX_FLASH.ld" --specs=nosys.specs -Wl,-Map="Practica2_P1.map" -Wl,--gc-sections -static --specs=nano.specs -mfpu=fpv4-sp-d16 -mfloat-abi=hard -mthumb -Wl,--start-group -lc -lm -Wl,--end-group
Finished building target: Practica2_P1.elf
 
arm-none-eabi-size   Practica2_P1.elf 
arm-none-eabi-objdump -h -S  Practica2_P1.elf  > "Practica2_P1.list"
   text	   data	    bss	    dec	    hex	filename
   5892	     20	   1604	   7516	   1d5c	Practica2_P1.elf
Finished building: default.size.stdout
 
Finished building: Practica2_P1.list
 

22:18:53 Build Finished. 0 errors, 2 warnings. (took 1s.233ms)

